{"progress": 1, "lap": 0, "frames": 716, "reward": 37.8, "energy": 0.42, "drift": 0.0027, "speed": 394.2, "fwd": 1.0, "rev": 0.0, "crash": 0.6, "fly": 0, "eta": 0.0005, "episode": 0, "secs": 39}
{"progress": 1, "lap": 0, "frames": 907, "reward": -82.8, "energy": 0.0, "drift": 0.037, "speed": 185.8, "fwd": 2.0, "rev": 1.0, "crash": 1.0, "fly": 2, "eta": 0.005, "episode": 0, "secs": 49}
{"progress": 1, "lap": 0, "frames": 984, "reward": -13.5, "energy": 0.09, "drift": 0.0537, "speed": 532.7, "fwd": 2.0, "rev": 1.0, "crash": 1.0, "fly": 3, "eta": 0.015, "episode": 0, "secs": 55}
{"progress": 0, "lap": 0, "frames": 1015, "reward": -274.2, "energy": 0.0, "drift": 0.0325, "speed": 528.8, "fwd": 7.0, "rev": 7.0, "crash": 1.0, "fly": 1, "eta": 0.0015, "episode": 0, "secs": 56}
{"progress": 1, "lap": 0, "frames": 716, "reward": -30.3, "energy": 0.25, "drift": 0.0369, "speed": 113.4, "fwd": 1.0, "rev": 0.0, "crash": 0.7, "fly": 2, "eta": 0.005, "episode": 1, "secs": 41}
{"progress": 3, "lap": 0, "frames": 1034, "reward": -35.2, "energy": 0.0, "drift": 0.0112, "speed": 424.1, "fwd": 5.0, "rev": 2.0, "crash": 1.0, "fly": 0, "eta": 0.0005, "episode": 1, "secs": 57}
{"progress": -1, "lap": 0, "frames": 886, "reward": -71.8, "energy": 0.25, "drift": 0.062, "speed": 506.1, "fwd": 1.0, "rev": 2.0, "crash": 0.7, "fly": 3, "eta": 0.015, "episode": 1, "secs": 49}
{"progress": 3, "lap": 0, "frames": 1384, "reward": -177.1, "energy": 0.0, "drift": 0.035, "speed": 839.6, "fwd": 10.0, "rev": 7.0, "crash": 1.3, "fly": 1, "eta": 0.0015, "episode": 1, "secs": 76}
{"progress": -1, "lap": 0, "frames": 740, "reward": -207.3, "energy": 0.0, "drift": 0.0146, "speed": 363.4, "fwd": 3.0, "rev": 4.0, "crash": 1.0, "fly": 0, "eta": 0.0005, "episode": 2, "secs": 39}
{"progress": 1, "lap": 0, "frames": 935, "reward": 12.6, "energy": 0.88, "drift": 0.0424, "speed": 223.2, "fwd": 2.0, "rev": 1.0, "crash": 0.1, "fly": 2, "eta": 0.005, "episode": 2, "secs": 54}
{"progress": -1, "lap": 0, "frames": 870, "reward": -80.0, "energy": 0.83, "drift": 0.0717, "speed": 195.0, "fwd": 1.0, "rev": 2.0, "crash": 0.2, "fly": 3, "eta": 0.015, "episode": 2, "secs": 52}
{"progress": 1, "lap": 0, "frames": 708, "reward": -20.6, "energy": 0.36, "drift": 0.0392, "speed": 107.0, "fwd": 1.0, "rev": 0.0, "crash": 0.6, "fly": 2, "eta": 0.005, "episode": 3, "secs": 37}
{"progress": 3, "lap": 0, "frames": 1159, "reward": -107.3, "energy": 0.0, "drift": 0.0187, "speed": 663.3, "fwd": 8.0, "rev": 5.0, "crash": 1.0, "fly": 0, "eta": 0.0005, "episode": 3, "secs": 63}
{"progress": 1, "lap": 0, "frames": 1494, "reward": -90.3, "energy": 0.45, "drift": 0.0377, "speed": 543.4, "fwd": 5.0, "rev": 4.0, "crash": 0.6, "fly": 1, "eta": 0.0015, "episode": 2, "secs": 87}
{"progress": 1, "lap": 0, "frames": 969, "reward": -80.7, "energy": 0.0, "drift": 0.0457, "speed": 196.6, "fwd": 2.0, "rev": 1.0, "crash": 1.0, "fly": 2, "eta": 0.005, "episode": 4, "secs": 53}
{"progress": 3, "lap": 0, "frames": 1419, "reward": 27.3, "energy": 0.41, "drift": 0.0728, "speed": 346.6, "fwd": 4.0, "rev": 1.0, "crash": 0.6, "fly": 3, "eta": 0.015, "episode": 3, "secs": 81}
{"progress": -2, "lap": 0, "frames": 1146, "reward": -292.6, "energy": 0.0, "drift": 0.0226, "speed": 637.2, "fwd": 5.0, "rev": 7.0, "crash": 1.0, "fly": 0, "eta": 0.0005, "episode": 4, "secs": 61}
{"progress": 1, "lap": 0, "frames": 708, "reward": -43.0, "energy": 0.0, "drift": 0.074, "speed": 184.8, "fwd": 1.0, "rev": 0.0, "crash": 1.0, "fly": 3, "eta": 0.015, "episode": 4, "secs": 38}
{"progress": 0, "lap": 0, "frames": 1084, "reward": -34.2, "energy": 0.77, "drift": 0.0376, "speed": 164.0, "fwd": 1.0, "rev": 1.0, "crash": 0.3, "fly": 1, "eta": 0.0015, "episode": 3, "secs": 66}
{"progress": 1, "lap": 0, "frames": 708, "reward": -7.4, "energy": 0.39, "drift": 0.0364, "speed": 157.9, "fwd": 1.0, "rev": 0.0, "crash": 0.6, "fly": 1, "eta": 0.0015, "episode": 4, "secs": 39}
{"progress": -2, "lap": 0, "frames": 1034, "reward": -260.3, "energy": 0.0, "drift": 0.0737, "speed": 398.3, "fwd": 3.0, "rev": 5.0, "crash": 1.0, "fly": 3, "eta": 0.015, "episode": 5, "secs": 59}
{"progress": 3, "lap": 0, "frames": 1469, "reward": 14.3, "energy": 0.2, "drift": 0.0224, "speed": 951.7, "fwd": 6.0, "rev": 3.0, "crash": 1.2, "fly": 0, "eta": 0.0005, "episode": 5, "secs": 79}
{"progress": 1, "lap": 0, "frames": 1794, "reward": -24.0, "energy": 0.33, "drift": 0.0508, "speed": 524.8, "fwd": 3.0, "rev": 2.0, "crash": 0.7, "fly": 2, "eta": 0.005, "episode": 5, "secs": 106}
{"progress": 1, "lap": 0, "frames": 708, "reward": 15.1, "energy": 0.56, "drift": 0.0367, "speed": 195.4, "fwd": 1.0, "rev": 0.0, "crash": 0.4, "fly": 1, "eta": 0.0015, "episode": 5, "secs": 38}
{"progress": 1, "lap": 0, "frames": 717, "reward": 19.3, "energy": 0.92, "drift": 0.0486, "speed": 26.3, "fwd": 1.0, "rev": 0.0, "crash": 0.1, "fly": 2, "eta": 0.005, "episode": 6, "secs": 42}
{"progress": 1, "lap": 0, "frames": 1323, "reward": -283.4, "energy": 0.0, "drift": 0.0243, "speed": 782.8, "fwd": 10.0, "rev": 9.0, "crash": 1.0, "fly": 0, "eta": 0.0005, "episode": 6, "secs": 72}
{"progress": 1, "lap": 0, "frames": 1431, "reward": -141.6, "energy": 0.0, "drift": 0.076, "speed": 292.1, "fwd": 4.0, "rev": 3.0, "crash": 1.0, "fly": 3, "eta": 0.015, "episode": 6, "secs": 84}
{"progress": 0, "lap": 0, "frames": 1035, "reward": -78.3, "energy": 0.61, "drift": 0.0384, "speed": 218.6, "fwd": 2.0, "rev": 2.0, "crash": 0.4, "fly": 1, "eta": 0.0015, "episode": 6, "secs": 60}
{"progress": 1, "lap": 0, "frames": 1048, "reward": -73.9, "energy": 0.09, "drift": 0.0511, "speed": 230.5, "fwd": 2.0, "rev": 1.0, "crash": 1.0, "fly": 2, "eta": 0.005, "episode": 7, "secs": 58}
{"progress": -1, "lap": 0, "frames": 714, "reward": -173.9, "energy": 0.0, "drift": 0.0242, "speed": 330.7, "fwd": 2.0, "rev": 3.0, "crash": 1.0, "fly": 0, "eta": 0.0005, "episode": 7, "secs": 38}
{"progress": 1, "lap": 0, "frames": 708, "reward": 40.8, "energy": 0.98, "drift": 0.0373, "speed": 119.1, "fwd": 1.0, "rev": 0.0, "crash": 0.0, "fly": 1, "eta": 0.0015, "episode": 7, "secs": 40}
{"progress": 1, "lap": 0, "frames": 634, "reward": -43.0, "energy": 0.0, "drift": 0.0242, "speed": 185.0, "fwd": 1.0, "rev": 0.0, "crash": 1.0, "fly": 0, "eta": 0.0005, "episode": 8, "secs": 35}
{"progress": 1, "lap": 0, "frames": 717, "reward": -58.4, "energy": 0.0, "drift": 0.0365, "speed": 107.9, "fwd": 1.0, "rev": 0.0, "crash": 1.0, "fly": 1, "eta": 0.0015, "episode": 8, "secs": 39}
{"progress": 7, "lap": 0, "frames": 1222, "reward": 132.6, "energy": 0.0, "drift": 0.0495, "speed": 462.9, "fwd": 7.0, "rev": 0.0, "crash": 1.0, "fly": 2, "eta": 0.005, "episode": 8, "secs": 66}
{"progress": 2, "lap": 0, "frames": 1466, "reward": 11.5, "energy": 0.42, "drift": 0.0776, "speed": 547.5, "fwd": 4.0, "rev": 2.0, "crash": 0.6, "fly": 3, "eta": 0.015, "episode": 7, "secs": 88}
{"progress": -2, "lap": 0, "frames": 876, "reward": -214.9, "energy": 0.0, "drift": 0.0393, "speed": 425.4, "fwd": 2.0, "rev": 4.0, "crash": 1.0, "fly": 1, "eta": 0.0015, "episode": 9, "secs": 48}
{"progress": 1, "lap": 0, "frames": 1050, "reward": -82.3, "energy": 0.0, "drift": 0.078, "speed": 188.7, "fwd": 2.0, "rev": 1.0, "crash": 1.0, "fly": 3, "eta": 0.015, "episode": 8, "secs": 60}
{"progress": 11, "lap": 0, "frames": 1596, "reward": 200.2, "energy": 0.0, "drift": 0.0256, "speed": 1000.8, "fwd": 14.0, "rev": 3.0, "crash": 1.0, "fly": 0, "eta": 0.0005, "episode": 9, "secs": 90}
{"progress": 4, "lap": 0, "frames": 1274, "reward": 32.9, "energy": 0.0, "drift": 0.0501, "speed": 264.4, "fwd": 4.0, "rev": 0.0, "crash": 1.0, "fly": 2, "eta": 0.005, "episode": 9, "secs": 72}
{"progress": 3, "lap": 0, "frames": 826, "reward": -69.8, "energy": 0.0, "drift": 0.0418, "speed": 451.0, "fwd": 6.0, "rev": 3.0, "crash": 1.0, "fly": 1, "eta": 0.0015, "episode": 10, "secs": 54}
{"progress": 1, "lap": 0, "frames": 708, "reward": 1.1, "energy": 0.47, "drift": 0.076, "speed": 170.7, "fwd": 1.0, "rev": 0.0, "crash": 0.5, "fly": 3, "eta": 0.015, "episode": 9, "secs": 54}
{"progress": 5, "lap": 0, "frames": 827, "reward": 85.9, "energy": 0.0, "drift": 0.0262, "speed": 429.3, "fwd": 5.0, "rev": 0.0, "crash": 1.0, "fly": 0, "eta": 0.0005, "episode": 10, "secs": 55}
/usr/lib/python3.11/multiprocessing/resource_tracker.py:254: UserWarning: resource_tracker: There appear to be 6 leaked semaphore objects to clean up at shutdown
  warnings.warn('resource_tracker: There appear to be %d '
