augmented fly: 2918 electrodes, host work/r3g/fly0_f800000.npz
resumed from work/aug10: 200000 samples
{"round": 0, "dataset": 200000, "loss": 0.279, "mins": 13.8, "exam": {"mean_progress": 224.2, "best": 295, "worst": 134, "laps_best": 5, "finished": 0, "laps5": 2, "n": 8, "mean_frames": 8859, "each": [149, 134, 237, 216, 295, 237, 231, 295]}}
{"round": 1, "dataset": 200000, "loss": 0.342, "mins": 37.1, "exam": {"mean_progress": 192.4, "best": 295, "worst": 63, "laps_best": 5, "finished": 0, "laps5": 1, "n": 8, "mean_frames": 7912, "each": [122, 279, 237, 63, 237, 227, 295, 79]}}
{"round": 2, "dataset": 200000, "loss": 0.223, "mins": 61.2, "exam": {"mean_progress": 216.8, "best": 295, "worst": 32, "laps_best": 5, "finished": 1, "laps5": 3, "n": 8, "mean_frames": 8921, "each": [295, 32, 238, 238, 295, 295, 76, 265]}}
Process SpawnProcess-1:
Process SpawnProcess-4:
Process SpawnProcess-3:
Process SpawnProcess-2:
Traceback (most recent call last):
Traceback (most recent call last):
Traceback (most recent call last):
Traceback (most recent call last):
  File "/home/strawberry/.local/share/uv/python/cpython-3.12.13-linux-x86_64-gnu/lib/python3.12/multiprocessing/process.py", line 314, in _bootstrap
    self.run()
  File "/home/strawberry/.local/share/uv/python/cpython-3.12.13-linux-x86_64-gnu/lib/python3.12/multiprocessing/process.py", line 108, in run
    self._target(*self._args, **self._kwargs)
  File "/home/strawberry/Projects/Can-the-fly-play-F-Zero-/flyzero/pool.py", line 39, in _worker
    """Telemetry plus what the pilot would do here (it never presses anything for the fly)."""
          ^^^^^^^^^^^
  File "/home/strawberry/.local/share/uv/python/cpython-3.12.13-linux-x86_64-gnu/lib/python3.12/multiprocessing/connection.py", line 250, in recv
    buf = self._recv_bytes()
          ^^^^^^^^^^^^^^^^^^
  File "/home/strawberry/.local/share/uv/python/cpython-3.12.13-linux-x86_64-gnu/lib/python3.12/multiprocessing/connection.py", line 430, in _recv_bytes
    buf = self._recv(4)
          ^^^^^^^^^^^^^
  File "/home/strawberry/.local/share/uv/python/cpython-3.12.13-linux-x86_64-gnu/lib/python3.12/multiprocessing/connection.py", line 399, in _recv
    raise EOFError
EOFError
  File "/home/strawberry/.local/share/uv/python/cpython-3.12.13-linux-x86_64-gnu/lib/python3.12/multiprocessing/process.py", line 314, in _bootstrap
    self.run()
  File "/home/strawberry/.local/share/uv/python/cpython-3.12.13-linux-x86_64-gnu/lib/python3.12/multiprocessing/process.py", line 108, in run
    self._target(*self._args, **self._kwargs)
  File "/home/strawberry/Projects/Can-the-fly-play-F-Zero-/flyzero/pool.py", line 39, in _worker
    """Telemetry plus what the pilot would do here (it never presses anything for the fly)."""
          ^^^^^^^^^^^
  File "/home/strawberry/.local/share/uv/python/cpython-3.12.13-linux-x86_64-gnu/lib/python3.12/multiprocessing/connection.py", line 250, in recv
    buf = self._recv_bytes()
          ^^^^^^^^^^^^^^^^^^
  File "/home/strawberry/.local/share/uv/python/cpython-3.12.13-linux-x86_64-gnu/lib/python3.12/multiprocessing/connection.py", line 430, in _recv_bytes
    buf = self._recv(4)
          ^^^^^^^^^^^^^
  File "/home/strawberry/.local/share/uv/python/cpython-3.12.13-linux-x86_64-gnu/lib/python3.12/multiprocessing/connection.py", line 399, in _recv
    raise EOFError
EOFError
  File "/home/strawberry/.local/share/uv/python/cpython-3.12.13-linux-x86_64-gnu/lib/python3.12/multiprocessing/process.py", line 314, in _bootstrap
    self.run()
  File "/home/strawberry/.local/share/uv/python/cpython-3.12.13-linux-x86_64-gnu/lib/python3.12/multiprocessing/process.py", line 108, in run
    self._target(*self._args, **self._kwargs)
  File "/home/strawberry/Projects/Can-the-fly-play-F-Zero-/flyzero/pool.py", line 39, in _worker
    """Telemetry plus what the pilot would do here (it never presses anything for the fly)."""
          ^^^^^^^^^^^
  File "/home/strawberry/.local/share/uv/python/cpython-3.12.13-linux-x86_64-gnu/lib/python3.12/multiprocessing/connection.py", line 250, in recv
    buf = self._recv_bytes()
          ^^^^^^^^^^^^^^^^^^
  File "/home/strawberry/.local/share/uv/python/cpython-3.12.13-linux-x86_64-gnu/lib/python3.12/multiprocessing/connection.py", line 430, in _recv_bytes
    buf = self._recv(4)
          ^^^^^^^^^^^^^
  File "/home/strawberry/.local/share/uv/python/cpython-3.12.13-linux-x86_64-gnu/lib/python3.12/multiprocessing/connection.py", line 399, in _recv
    raise EOFError
EOFError
  File "/home/strawberry/.local/share/uv/python/cpython-3.12.13-linux-x86_64-gnu/lib/python3.12/multiprocessing/process.py", line 314, in _bootstrap
    self.run()
  File "/home/strawberry/.local/share/uv/python/cpython-3.12.13-linux-x86_64-gnu/lib/python3.12/multiprocessing/process.py", line 108, in run
    self._target(*self._args, **self._kwargs)
  File "/home/strawberry/Projects/Can-the-fly-play-F-Zero-/flyzero/pool.py", line 39, in _worker
    """Telemetry plus what the pilot would do here (it never presses anything for the fly)."""
          ^^^^^^^^^^^
  File "/home/strawberry/.local/share/uv/python/cpython-3.12.13-linux-x86_64-gnu/lib/python3.12/multiprocessing/connection.py", line 250, in recv
    buf = self._recv_bytes()
          ^^^^^^^^^^^^^^^^^^
  File "/home/strawberry/.local/share/uv/python/cpython-3.12.13-linux-x86_64-gnu/lib/python3.12/multiprocessing/connection.py", line 430, in _recv_bytes
    buf = self._recv(4)
          ^^^^^^^^^^^^^
  File "/home/strawberry/.local/share/uv/python/cpython-3.12.13-linux-x86_64-gnu/lib/python3.12/multiprocessing/connection.py", line 399, in _recv
    raise EOFError
EOFError
