augmented fly: 2918 electrodes, host work/r3g/fly0_f800000.npz
resumed from work/aug10: 200000 samples
{"round": 0, "dataset": 200000, "loss": 0.119, "mins": 12.5, "exam": {"mean_progress": 185.8, "best": 238, "worst": 70, "laps_best": 4, "finished": 0, "laps5": 0, "n": 8, "mean_frames": 7472, "each": [70, 237, 237, 237, 157, 238, 88, 222]}}
{"round": 1, "dataset": 200000, "loss": 0.158, "mins": 34.1, "exam": {"mean_progress": 183.1, "best": 278, "worst": 80, "laps_best": 4, "finished": 0, "laps5": 0, "n": 8, "mean_frames": 7863, "each": [87, 92, 237, 237, 238, 216, 80, 278]}}
Process SpawnProcess-3:
Process SpawnProcess-1:
Process SpawnProcess-2:
Process SpawnProcess-4:
Traceback (most recent call last):
Traceback (most recent call last):
Traceback (most recent call last):
Traceback (most recent call last):
  File "/home/strawberry/.local/share/uv/python/cpython-3.12.13-linux-x86_64-gnu/lib/python3.12/multiprocessing/process.py", line 314, in _bootstrap
    self.run()
  File "/home/strawberry/.local/share/uv/python/cpython-3.12.13-linux-x86_64-gnu/lib/python3.12/multiprocessing/process.py", line 108, in run
    self._target(*self._args, **self._kwargs)
  File "/home/strawberry/Projects/Can-the-fly-play-F-Zero-/flyzero/pool.py", line 39, in _worker
    msg = conn.recv()
          ^^^^^^^^^^^
  File "/home/strawberry/.local/share/uv/python/cpython-3.12.13-linux-x86_64-gnu/lib/python3.12/multiprocessing/process.py", line 314, in _bootstrap
    self.run()
  File "/home/strawberry/.local/share/uv/python/cpython-3.12.13-linux-x86_64-gnu/lib/python3.12/multiprocessing/connection.py", line 250, in recv
    buf = self._recv_bytes()
          ^^^^^^^^^^^^^^^^^^
  File "/home/strawberry/.local/share/uv/python/cpython-3.12.13-linux-x86_64-gnu/lib/python3.12/multiprocessing/connection.py", line 430, in _recv_bytes
    buf = self._recv(4)
          ^^^^^^^^^^^^^
  File "/home/strawberry/.local/share/uv/python/cpython-3.12.13-linux-x86_64-gnu/lib/python3.12/multiprocessing/connection.py", line 399, in _recv
    raise EOFError
  File "/home/strawberry/.local/share/uv/python/cpython-3.12.13-linux-x86_64-gnu/lib/python3.12/multiprocessing/process.py", line 108, in run
    self._target(*self._args, **self._kwargs)
  File "/home/strawberry/Projects/Can-the-fly-play-F-Zero-/flyzero/pool.py", line 39, in _worker
    msg = conn.recv()
          ^^^^^^^^^^^
  File "/home/strawberry/.local/share/uv/python/cpython-3.12.13-linux-x86_64-gnu/lib/python3.12/multiprocessing/connection.py", line 250, in recv
    buf = self._recv_bytes()
          ^^^^^^^^^^^^^^^^^^
  File "/home/strawberry/.local/share/uv/python/cpython-3.12.13-linux-x86_64-gnu/lib/python3.12/multiprocessing/connection.py", line 430, in _recv_bytes
    buf = self._recv(4)
          ^^^^^^^^^^^^^
  File "/home/strawberry/.local/share/uv/python/cpython-3.12.13-linux-x86_64-gnu/lib/python3.12/multiprocessing/connection.py", line 399, in _recv
    raise EOFError
EOFError
EOFError
  File "/home/strawberry/.local/share/uv/python/cpython-3.12.13-linux-x86_64-gnu/lib/python3.12/multiprocessing/process.py", line 314, in _bootstrap
    self.run()
  File "/home/strawberry/.local/share/uv/python/cpython-3.12.13-linux-x86_64-gnu/lib/python3.12/multiprocessing/process.py", line 108, in run
    self._target(*self._args, **self._kwargs)
  File "/home/strawberry/Projects/Can-the-fly-play-F-Zero-/flyzero/pool.py", line 39, in _worker
    msg = conn.recv()
          ^^^^^^^^^^^
  File "/home/strawberry/.local/share/uv/python/cpython-3.12.13-linux-x86_64-gnu/lib/python3.12/multiprocessing/connection.py", line 250, in recv
    buf = self._recv_bytes()
          ^^^^^^^^^^^^^^^^^^
  File "/home/strawberry/.local/share/uv/python/cpython-3.12.13-linux-x86_64-gnu/lib/python3.12/multiprocessing/connection.py", line 430, in _recv_bytes
    buf = self._recv(4)
          ^^^^^^^^^^^^^
  File "/home/strawberry/.local/share/uv/python/cpython-3.12.13-linux-x86_64-gnu/lib/python3.12/multiprocessing/connection.py", line 399, in _recv
    raise EOFError
EOFError
  File "/home/strawberry/.local/share/uv/python/cpython-3.12.13-linux-x86_64-gnu/lib/python3.12/multiprocessing/process.py", line 314, in _bootstrap
    self.run()
  File "/home/strawberry/.local/share/uv/python/cpython-3.12.13-linux-x86_64-gnu/lib/python3.12/multiprocessing/process.py", line 108, in run
    self._target(*self._args, **self._kwargs)
  File "/home/strawberry/Projects/Can-the-fly-play-F-Zero-/flyzero/pool.py", line 39, in _worker
    msg = conn.recv()
          ^^^^^^^^^^^
  File "/home/strawberry/.local/share/uv/python/cpython-3.12.13-linux-x86_64-gnu/lib/python3.12/multiprocessing/connection.py", line 250, in recv
    buf = self._recv_bytes()
          ^^^^^^^^^^^^^^^^^^
  File "/home/strawberry/.local/share/uv/python/cpython-3.12.13-linux-x86_64-gnu/lib/python3.12/multiprocessing/connection.py", line 430, in _recv_bytes
    buf = self._recv(4)
          ^^^^^^^^^^^^^
  File "/home/strawberry/.local/share/uv/python/cpython-3.12.13-linux-x86_64-gnu/lib/python3.12/multiprocessing/connection.py", line 399, in _recv
    raise EOFError
EOFError
