augmented fly: 1066 electrodes, host work/r3g/fly0_f800000.npz
resumed from work/aug1: 44359 samples
{"round": 0, "dataset": 44359, "loss": 0.725, "mins": 5.9, "exam": {"mean_progress": 51.8, "best": 119, "worst": 24, "laps_best": 2, "finished": 0, "n": 8, "mean_frames": 3571, "each": [38, 37, 95, 119, 29, 44, 24, 28]}}
{"round": 1, "dataset": 89879, "loss": 0.58, "mins": 28.0, "exam": {"mean_progress": 82.0, "best": 119, "worst": 58, "laps_best": 2, "finished": 0, "n": 8, "mean_frames": 4916, "each": [60, 60, 58, 88, 94, 119, 58, 119]}}
Process SpawnProcess-1:
Process SpawnProcess-3:
Process SpawnProcess-4:
Process SpawnProcess-2:
Traceback (most recent call last):
Traceback (most recent call last):
Traceback (most recent call last):
Traceback (most recent call last):
  File "/home/strawberry/.local/share/uv/python/cpython-3.12.13-linux-x86_64-gnu/lib/python3.12/multiprocessing/process.py", line 314, in _bootstrap
    self.run()
  File "/home/strawberry/.local/share/uv/python/cpython-3.12.13-linux-x86_64-gnu/lib/python3.12/multiprocessing/process.py", line 108, in run
    self._target(*self._args, **self._kwargs)
  File "/home/strawberry/Projects/Can-the-fly-play-F-Zero-/flyzero/pool.py", line 39, in _worker
    msg = conn.recv()
          ^^^^^^^^^^^
  File "/home/strawberry/.local/share/uv/python/cpython-3.12.13-linux-x86_64-gnu/lib/python3.12/multiprocessing/connection.py", line 250, in recv
    buf = self._recv_bytes()
          ^^^^^^^^^^^^^^^^^^
  File "/home/strawberry/.local/share/uv/python/cpython-3.12.13-linux-x86_64-gnu/lib/python3.12/multiprocessing/connection.py", line 430, in _recv_bytes
    buf = self._recv(4)
          ^^^^^^^^^^^^^
  File "/home/strawberry/.local/share/uv/python/cpython-3.12.13-linux-x86_64-gnu/lib/python3.12/multiprocessing/connection.py", line 399, in _recv
    raise EOFError
EOFError
  File "/home/strawberry/.local/share/uv/python/cpython-3.12.13-linux-x86_64-gnu/lib/python3.12/multiprocessing/process.py", line 314, in _bootstrap
    self.run()
  File "/home/strawberry/.local/share/uv/python/cpython-3.12.13-linux-x86_64-gnu/lib/python3.12/multiprocessing/process.py", line 108, in run
    self._target(*self._args, **self._kwargs)
  File "/home/strawberry/Projects/Can-the-fly-play-F-Zero-/flyzero/pool.py", line 39, in _worker
    msg = conn.recv()
          ^^^^^^^^^^^
  File "/home/strawberry/.local/share/uv/python/cpython-3.12.13-linux-x86_64-gnu/lib/python3.12/multiprocessing/connection.py", line 250, in recv
    buf = self._recv_bytes()
          ^^^^^^^^^^^^^^^^^^
  File "/home/strawberry/.local/share/uv/python/cpython-3.12.13-linux-x86_64-gnu/lib/python3.12/multiprocessing/connection.py", line 430, in _recv_bytes
    buf = self._recv(4)
          ^^^^^^^^^^^^^
  File "/home/strawberry/.local/share/uv/python/cpython-3.12.13-linux-x86_64-gnu/lib/python3.12/multiprocessing/process.py", line 314, in _bootstrap
    self.run()
  File "/home/strawberry/.local/share/uv/python/cpython-3.12.13-linux-x86_64-gnu/lib/python3.12/multiprocessing/connection.py", line 399, in _recv
    raise EOFError
  File "/home/strawberry/.local/share/uv/python/cpython-3.12.13-linux-x86_64-gnu/lib/python3.12/multiprocessing/process.py", line 108, in run
    self._target(*self._args, **self._kwargs)
  File "/home/strawberry/Projects/Can-the-fly-play-F-Zero-/flyzero/pool.py", line 39, in _worker
    msg = conn.recv()
          ^^^^^^^^^^^
  File "/home/strawberry/.local/share/uv/python/cpython-3.12.13-linux-x86_64-gnu/lib/python3.12/multiprocessing/connection.py", line 250, in recv
    buf = self._recv_bytes()
          ^^^^^^^^^^^^^^^^^^
  File "/home/strawberry/.local/share/uv/python/cpython-3.12.13-linux-x86_64-gnu/lib/python3.12/multiprocessing/connection.py", line 430, in _recv_bytes
    buf = self._recv(4)
          ^^^^^^^^^^^^^
  File "/home/strawberry/.local/share/uv/python/cpython-3.12.13-linux-x86_64-gnu/lib/python3.12/multiprocessing/connection.py", line 399, in _recv
    raise EOFError
EOFError
  File "/home/strawberry/.local/share/uv/python/cpython-3.12.13-linux-x86_64-gnu/lib/python3.12/multiprocessing/process.py", line 314, in _bootstrap
    self.run()
EOFError
  File "/home/strawberry/.local/share/uv/python/cpython-3.12.13-linux-x86_64-gnu/lib/python3.12/multiprocessing/process.py", line 108, in run
    self._target(*self._args, **self._kwargs)
  File "/home/strawberry/Projects/Can-the-fly-play-F-Zero-/flyzero/pool.py", line 39, in _worker
    msg = conn.recv()
          ^^^^^^^^^^^
  File "/home/strawberry/.local/share/uv/python/cpython-3.12.13-linux-x86_64-gnu/lib/python3.12/multiprocessing/connection.py", line 250, in recv
    buf = self._recv_bytes()
          ^^^^^^^^^^^^^^^^^^
  File "/home/strawberry/.local/share/uv/python/cpython-3.12.13-linux-x86_64-gnu/lib/python3.12/multiprocessing/connection.py", line 430, in _recv_bytes
    buf = self._recv(4)
          ^^^^^^^^^^^^^
  File "/home/strawberry/.local/share/uv/python/cpython-3.12.13-linux-x86_64-gnu/lib/python3.12/multiprocessing/connection.py", line 399, in _recv
    raise EOFError
EOFError
