augmented fly: 2918 electrodes, host work/r3g/fly0_f800000.npz
resumed from work/bb1: 200000 samples
{"round": 0, "dataset": 200000, "loss": 0.357, "mins": 6.8, "exam": {"mean_progress": 102.0, "best": 171, "worst": 17, "laps_best": 2, "finished": 0, "laps5": 0, "n": 8, "mean_frames": 4049, "each": [152, 17, 171, 80, 33, 160, 49, 154]}}
{"round": 1, "dataset": 242783, "loss": 0.6, "mins": 22.7, "exam": {"mean_progress": 105.9, "best": 165, "worst": 49, "laps_best": 1, "finished": 0, "laps5": 0, "n": 8, "mean_frames": 3615, "each": [165, 74, 88, 49, 144, 94, 163, 70]}}
{"round": 2, "dataset": 284696, "loss": 0.141, "mins": 37.5, "exam": {"mean_progress": 112.0, "best": 158, "worst": 46, "laps_best": 1, "finished": 0, "laps5": 0, "n": 8, "mean_frames": 4188, "each": [135, 152, 158, 71, 110, 107, 117, 46]}}
{"round": 3, "dataset": 300000, "loss": 0.331, "mins": 53.2, "exam": {"mean_progress": 92.8, "best": 165, "worst": -3, "laps_best": 1, "finished": 0, "laps5": 0, "n": 8, "mean_frames": 3464, "each": [139, 76, 21, 82, 116, -3, 146, 165]}}
Process SpawnProcess-1:
Process SpawnProcess-3:
Process SpawnProcess-2:
Process SpawnProcess-4:
Traceback (most recent call last):
Traceback (most recent call last):
Traceback (most recent call last):
Traceback (most recent call last):
  File "/home/strawberry/.local/share/uv/python/cpython-3.12.13-linux-x86_64-gnu/lib/python3.12/multiprocessing/process.py", line 314, in _bootstrap
    self.run()
  File "/home/strawberry/.local/share/uv/python/cpython-3.12.13-linux-x86_64-gnu/lib/python3.12/multiprocessing/process.py", line 108, in run
    self._target(*self._args, **self._kwargs)
  File "/home/strawberry/Projects/Can-the-fly-play-F-Zero-/flyzero/pool.py", line 47, in _worker
    msg = conn.recv()
          ^^^^^^^^^^^
  File "/home/strawberry/.local/share/uv/python/cpython-3.12.13-linux-x86_64-gnu/lib/python3.12/multiprocessing/connection.py", line 250, in recv
    buf = self._recv_bytes()
          ^^^^^^^^^^^^^^^^^^
  File "/home/strawberry/.local/share/uv/python/cpython-3.12.13-linux-x86_64-gnu/lib/python3.12/multiprocessing/connection.py", line 430, in _recv_bytes
    buf = self._recv(4)
          ^^^^^^^^^^^^^
  File "/home/strawberry/.local/share/uv/python/cpython-3.12.13-linux-x86_64-gnu/lib/python3.12/multiprocessing/connection.py", line 399, in _recv
    raise EOFError
EOFError
  File "/home/strawberry/.local/share/uv/python/cpython-3.12.13-linux-x86_64-gnu/lib/python3.12/multiprocessing/process.py", line 314, in _bootstrap
    self.run()
  File "/home/strawberry/.local/share/uv/python/cpython-3.12.13-linux-x86_64-gnu/lib/python3.12/multiprocessing/process.py", line 314, in _bootstrap
    self.run()
  File "/home/strawberry/.local/share/uv/python/cpython-3.12.13-linux-x86_64-gnu/lib/python3.12/multiprocessing/process.py", line 108, in run
    self._target(*self._args, **self._kwargs)
  File "/home/strawberry/Projects/Can-the-fly-play-F-Zero-/flyzero/pool.py", line 47, in _worker
    msg = conn.recv()
          ^^^^^^^^^^^
  File "/home/strawberry/.local/share/uv/python/cpython-3.12.13-linux-x86_64-gnu/lib/python3.12/multiprocessing/connection.py", line 250, in recv
    buf = self._recv_bytes()
          ^^^^^^^^^^^^^^^^^^
  File "/home/strawberry/.local/share/uv/python/cpython-3.12.13-linux-x86_64-gnu/lib/python3.12/multiprocessing/connection.py", line 430, in _recv_bytes
    buf = self._recv(4)
          ^^^^^^^^^^^^^
  File "/home/strawberry/.local/share/uv/python/cpython-3.12.13-linux-x86_64-gnu/lib/python3.12/multiprocessing/connection.py", line 399, in _recv
    raise EOFError
EOFError
  File "/home/strawberry/.local/share/uv/python/cpython-3.12.13-linux-x86_64-gnu/lib/python3.12/multiprocessing/process.py", line 314, in _bootstrap
    self.run()
  File "/home/strawberry/.local/share/uv/python/cpython-3.12.13-linux-x86_64-gnu/lib/python3.12/multiprocessing/process.py", line 108, in run
    self._target(*self._args, **self._kwargs)
  File "/home/strawberry/Projects/Can-the-fly-play-F-Zero-/flyzero/pool.py", line 47, in _worker
    msg = conn.recv()
          ^^^^^^^^^^^
  File "/home/strawberry/.local/share/uv/python/cpython-3.12.13-linux-x86_64-gnu/lib/python3.12/multiprocessing/connection.py", line 250, in recv
    buf = self._recv_bytes()
          ^^^^^^^^^^^^^^^^^^
  File "/home/strawberry/.local/share/uv/python/cpython-3.12.13-linux-x86_64-gnu/lib/python3.12/multiprocessing/connection.py", line 430, in _recv_bytes
    buf = self._recv(4)
          ^^^^^^^^^^^^^
  File "/home/strawberry/.local/share/uv/python/cpython-3.12.13-linux-x86_64-gnu/lib/python3.12/multiprocessing/connection.py", line 399, in _recv
    raise EOFError
EOFError
  File "/home/strawberry/.local/share/uv/python/cpython-3.12.13-linux-x86_64-gnu/lib/python3.12/multiprocessing/process.py", line 108, in run
    self._target(*self._args, **self._kwargs)
  File "/home/strawberry/Projects/Can-the-fly-play-F-Zero-/flyzero/pool.py", line 47, in _worker
    msg = conn.recv()
          ^^^^^^^^^^^
  File "/home/strawberry/.local/share/uv/python/cpython-3.12.13-linux-x86_64-gnu/lib/python3.12/multiprocessing/connection.py", line 250, in recv
    buf = self._recv_bytes()
          ^^^^^^^^^^^^^^^^^^
  File "/home/strawberry/.local/share/uv/python/cpython-3.12.13-linux-x86_64-gnu/lib/python3.12/multiprocessing/connection.py", line 430, in _recv_bytes
    buf = self._recv(4)
          ^^^^^^^^^^^^^
  File "/home/strawberry/.local/share/uv/python/cpython-3.12.13-linux-x86_64-gnu/lib/python3.12/multiprocessing/connection.py", line 399, in _recv
    raise EOFError
EOFError
